###############################################################################
#
# IAR ELF Linker V9.20.4.327/W64 for ARM                  15/Mar/2023  17:03:53
# Copyright 2007-2022 IAR Systems AB.
#
#    Output file  =
#        C:\Users\nicho\OneDrive\Documents\DST2\Debug\Exe\DST2Lab1.out
#    Map file     =
#        C:\Users\nicho\OneDrive\Documents\DST2\Debug\List\DST2Lab1.map
#    Command line =
#        -f C:\Users\nicho\OneDrive\Documents\DST2\Debug\Exe\DST2Lab1.out.rsp
#        (C:\Users\nicho\OneDrive\Documents\DST2\Debug\Obj\context_switching_functions_march_2019.o
#        C:\Users\nicho\OneDrive\Documents\DST2\Debug\Obj\cstartup.o
#        C:\Users\nicho\OneDrive\Documents\DST2\Debug\Obj\exceptions.o
#        C:\Users\nicho\OneDrive\Documents\DST2\Debug\Obj\kernel_functions.o
#        C:\Users\nicho\OneDrive\Documents\DST2\Debug\Obj\mailbox.o
#        C:\Users\nicho\OneDrive\Documents\DST2\Debug\Obj\main.o
#        C:\Users\nicho\OneDrive\Documents\DST2\Debug\Obj\mylib.o
#        C:\Users\nicho\OneDrive\Documents\DST2\Debug\Obj\startup_sam3x.o
#        C:\Users\nicho\OneDrive\Documents\DST2\Debug\Obj\system_sam3x.o
#        C:\Users\nicho\OneDrive\Documents\DST2\Debug\Obj\timing_functions.o
#        --no_out_extension -o
#        C:\Users\nicho\OneDrive\Documents\DST2\Debug\Exe\DST2Lab1.out --map
#        C:\Users\nicho\OneDrive\Documents\DST2\Debug\List\DST2Lab1.map
#        --config
#        C:\Users\nicho\OneDrive\Documents\DST2\sam3x8-sram_BigHeap.icf
#        --semihosting --entry __iar_program_start --vfe --text_out locale)
#
###############################################################################

*******************************************************************************
*** RUNTIME MODEL ATTRIBUTES
***

CppFlavor       = *
__CPP_Runtime   = 1
__Heap_Handler  = Basic
__SystemLibrary = DLib
__dlib_version  = 6


*******************************************************************************
*** HEAP SELECTION
***

The basic heap was selected because some modules are built with
size limitations (and not runtime checking), and --advanced_heap
was not specified.


*******************************************************************************
*** PLACEMENT SUMMARY
***

"A0":  place at address 0x2007'0000 { ro section .intvec };
"P1":  place in [from 0x2007'0000 to 0x2008'7fff] { ro };
define block CSTACK with size = 2K, alignment = 8 { };
define block HEAP with size = 8K, alignment = 8 { };
"P2":  place in [from 0x2007'0000 to 0x2008'7fff] {
          rw, block CSTACK, block HEAP };
initialize by copy with packing = none, complex ranges { rw };

  Section            Kind         Address    Size  Object
  -------            ----         -------    ----  ------
"A0":                                        0xf4
  .intvec                     0x2007'0000    0xf4  <Block>
    .intvec          const    0x2007'0000    0xf4  startup_sam3x.o [1]
                            - 0x2007'00f4    0xf4

"P1-P2", part 1 of 2:                       0xeac
  .text              ro code  0x2007'00f4   0x358  mailbox.o [1]
  .text              ro code  0x2007'044c   0x170  heap0.o [2]
  .text              ro code  0x2007'05bc   0x1c8  context_switching_functions_march_2019.o [1]
  .text              ro code  0x2007'0784    0xa6  ABImemcpy.o [3]
  .text              ro code  0x2007'082a    0x2a  copy_init3.o [3]
  .text              ro code  0x2007'0854   0x2f8  kernel_functions.o [1]
  .text              ro code  0x2007'0b4c     0x4  heaptramp0.o [2]
  .text              ro code  0x2007'0b50    0x2c  xgetmemchunk.o [2]
  .text              ro code  0x2007'0b7c    0x12  xxmemxmemzero.o [2]
  .text              ro code  0x2007'0b8e     0x2  exceptions.o [1]
  .text              ro code  0x2007'0b90   0x110  timing_functions.o [1]
  .text              ro code  0x2007'0ca0   0x144  main.o [1]
  .text              ro code  0x2007'0de4    0xa0  system_sam3x.o [1]
  .text              ro code  0x2007'0e84    0x30  startup_sam3x.o [1]
  .text              ro code  0x2007'0eb4     0xc  cstartup.o [1]
  .text              ro code  0x2007'0ec0    0x1e  cmain.o [3]
  .text              ro code  0x2007'0ee0    0x28  data_init.o [3]
  .text              ro code  0x2007'0f08     0x4  exit.o [2]
  .text              ro code  0x2007'0f0c     0xa  cexit.o [3]
  .text              ro code  0x2007'0f18    0x14  exit.o [4]
  .iar.init_table    const    0x2007'0f2c    0x14  - Linker created -
  .rodata            const    0x2007'0f40     0x0  copy_init3.o [3]
  P1-P2 s0                    0x2007'0f40    0x30  <Init block>
    .bss             inited   0x2007'0f40     0x8  heap0.o [2]
    .data            inited   0x2007'0f48     0x4  system_sam3x.o [1]
    .bss             inited   0x2007'0f4c     0x4  kernel_functions.o [1]
    .bss             inited   0x2007'0f50     0x4  kernel_functions.o [1]
    .bss             inited   0x2007'0f54     0x4  kernel_functions.o [1]
    .bss             inited   0x2007'0f58     0x4  kernel_functions.o [1]
    .bss             inited   0x2007'0f5c     0x4  kernel_functions.o [1]
    .bss             inited   0x2007'0f60     0x4  kernel_functions.o [1]
    .bss             inited   0x2007'0f64     0x4  kernel_functions.o [1]
    .bss             inited   0x2007'0f68     0x4  main.o [1]
    .bss             inited   0x2007'0f6c     0x4  xgetmemchunk.o [2]
  Initializer bytes  const    0x2007'0f70    0x30  <for P1-P2 s0>
                            - 0x2007'0fa0   0xeac

"P1-P2", part 2 of 2:                      0x2800
  CSTACK                      0x2007'0fa0   0x800  <Block>
    CSTACK           uninit   0x2007'0fa0   0x800  <Block tail>
  HEAP                        0x2007'17a0  0x2000  <Block>
    HEAP             uninit   0x2007'17a0  0x2000  <Block tail>
                            - 0x2007'37a0  0x2800

Unused ranges:

         From           To      Size
         ----           --      ----
  0x2007'37a0  0x2008'7fff  0x1'4860


*******************************************************************************
*** INIT TABLE
***

          Address      Size
          -------      ----
Copy (__iar_copy_init3)
    1 source range, total size 0x30:
          0x2007'0f70  0x30
    1 destination range, total size 0x30:
          0x2007'0f40  0x30



*******************************************************************************
*** MODULE SUMMARY
***

    Module                                    ro code  ro data  rw data
    ------                                    -------  -------  -------
command line/config:
    -------------------------------------------------------------------
    Total:

C:\Users\nicho\OneDrive\Documents\DST2\Debug\Obj: [1]
    context_switching_functions_march_2019.o      456
    cstartup.o                                     12
    exceptions.o                                    2
    kernel_functions.o                            760       28       28
    mailbox.o                                     856
    main.o                                        324        4        4
    startup_sam3x.o                                48      244
    system_sam3x.o                                160        4        4
    timing_functions.o                            272
    -------------------------------------------------------------------
    Total:                                      2'890      280       36

dl7M_tln.a: [2]
    exit.o                                          4
    heap0.o                                       368        8        8
    heaptramp0.o                                    4
    xgetmemchunk.o                                 44        4        4
    xxmemxmemzero.o                                18
    -------------------------------------------------------------------
    Total:                                        438       12       12

rt7M_tl.a: [3]
    ABImemcpy.o                                   166
    cexit.o                                        10
    cmain.o                                        30
    copy_init3.o                                   42
    data_init.o                                    40
    -------------------------------------------------------------------
    Total:                                        288

shb_l.a: [4]
    exit.o                                         20
    -------------------------------------------------------------------
    Total:                                         20

    Gaps                                            4
    Linker created                                          20   10'240
-----------------------------------------------------------------------
    Grand Total:                                3'640      312   10'288


*******************************************************************************
*** ENTRY LIST
***

Entry                       Address   Size  Type      Object
-----                       -------   ----  ----      ------
.iar.init_table$$Base   0x2007'0f2c          --   Gb  - Linker created -
.iar.init_table$$Limit  0x2007'0f40          --   Gb  - Linker created -
.intvec$$Base           0x2007'0000          --   Gb  - Linker created -
.intvec$$Limit          0x2007'00f4          --   Gb  - Linker created -
?main                   0x2007'0ec1         Code  Gb  cmain.o [3]
ADC_Handler             0x2007'0b8f    0x2  Code  Wk  exceptions.o [1]
Aldata                  0x2007'0f40    0x8  Data  Lc  heap0.o [2]
BusFault_Handler        0x2007'0b8f    0x2  Code  Wk  exceptions.o [1]
CAN0_Handler            0x2007'0b8f    0x2  Code  Wk  exceptions.o [1]
CAN1_Handler            0x2007'0b8f    0x2  Code  Wk  exceptions.o [1]
CSTACK$$Base            0x2007'0fa0          --   Gb  - Linker created -
CSTACK$$Limit           0x2007'17a0          --   Gb  - Linker created -
DACC_Handler            0x2007'0b8f    0x2  Code  Wk  exceptions.o [1]
DMAC_Handler            0x2007'0b8f    0x2  Code  Wk  exceptions.o [1]
DebugMon_Handler        0x2007'0b8f    0x2  Code  Wk  exceptions.o [1]
Dummy_Handler           0x2007'0b8f    0x2  Code  Gb  exceptions.o [1]
EFC0_Handler            0x2007'0b8f    0x2  Code  Wk  exceptions.o [1]
EFC1_Handler            0x2007'0b8f    0x2  Code  Wk  exceptions.o [1]
HEAP$$Base              0x2007'17a0          --   Gb  - Linker created -
HEAP$$Limit             0x2007'37a0          --   Gb  - Linker created -
HSMCI_Handler           0x2007'0b8f    0x2  Code  Wk  exceptions.o [1]
HardFault_Handler       0x2007'0b8f    0x2  Code  Wk  exceptions.o [1]
KernelMode              0x2007'0f50    0x4  Data  Gb  kernel_functions.o [1]
LoadContext_In_Run      0x2007'06e5         Code  Gb  context_switching_functions_march_2019.o [1]
LoadContext_In_Terminate
                        0x2007'06d7         Code  Gb  context_switching_functions_march_2019.o [1]
MemManage_Handler       0x2007'0b8f    0x2  Code  Wk  exceptions.o [1]
Msg_add_toMailbox       0x2007'0421   0x2c  Code  Gb  mailbox.o [1]
NMI_Handler             0x2007'0b8f    0x2  Code  Wk  exceptions.o [1]
NVIC_SetPriority        0x2007'0ca1   0x24  Code  Lc  main.o [1]
NextTask                0x2007'0f58    0x4  Data  Gb  kernel_functions.o [1]
PIOA_Handler            0x2007'0b8f    0x2  Code  Wk  exceptions.o [1]
PIOB_Handler            0x2007'0b8f    0x2  Code  Wk  exceptions.o [1]
PIOC_Handler            0x2007'0b8f    0x2  Code  Wk  exceptions.o [1]
PIOD_Handler            0x2007'0b8f    0x2  Code  Wk  exceptions.o [1]
PMC_Handler             0x2007'0b8f    0x2  Code  Wk  exceptions.o [1]
PWM_Handler             0x2007'0b8f    0x2  Code  Wk  exceptions.o [1]
PendSV_Handler          0x2007'0b8f    0x2  Code  Wk  exceptions.o [1]
PreviousTask            0x2007'0f54    0x4  Data  Gb  kernel_functions.o [1]
RSTC_Handler            0x2007'0b8f    0x2  Code  Wk  exceptions.o [1]
RTC_Handler             0x2007'0b8f    0x2  Code  Wk  exceptions.o [1]
RTT_Handler             0x2007'0b8f    0x2  Code  Wk  exceptions.o [1]
ReadyList               0x2007'0f5c    0x4  Data  Gb  kernel_functions.o [1]
Region$$Table$$Base     0x2007'0f2c          --   Gb  - Linker created -
Region$$Table$$Limit    0x2007'0f40          --   Gb  - Linker created -
Reset_Handler           0x2007'0ead    0x8  Code  Gb  startup_sam3x.o [1]
SPI0_Handler            0x2007'0b8f    0x2  Code  Wk  exceptions.o [1]
SSC_Handler             0x2007'0b8f    0x2  Code  Wk  exceptions.o [1]
SUPC_Handler            0x2007'0b8f    0x2  Code  Wk  exceptions.o [1]
SVC_Handler             0x2007'060d         Code  Gb  context_switching_functions_march_2019.o [1]
SwitchContext           0x2007'06c9         Code  Gb  context_switching_functions_march_2019.o [1]
SysTick_Config          0x2007'0cc5   0x30  Code  Lc  main.o [1]
SysTick_Handler         0x2007'05bd         Code  Gb  context_switching_functions_march_2019.o [1]
SystemCoreClock         0x2007'0f48    0x4  Data  Gb  system_sam3x.o [1]
SystemInit              0x2007'0de5   0x6e  Code  Gb  system_sam3x.o [1]
TC0_Handler             0x2007'0b8f    0x2  Code  Wk  exceptions.o [1]
TC1_Handler             0x2007'0b8f    0x2  Code  Wk  exceptions.o [1]
TC2_Handler             0x2007'0b8f    0x2  Code  Wk  exceptions.o [1]
TC3_Handler             0x2007'0b8f    0x2  Code  Wk  exceptions.o [1]
TC4_Handler             0x2007'0b8f    0x2  Code  Wk  exceptions.o [1]
TC5_Handler             0x2007'0b8f    0x2  Code  Wk  exceptions.o [1]
TRNG_Handler            0x2007'0b8f    0x2  Code  Wk  exceptions.o [1]
TWI0_Handler            0x2007'0b8f    0x2  Code  Wk  exceptions.o [1]
TWI1_Handler            0x2007'0b8f    0x2  Code  Wk  exceptions.o [1]
Ticks                   0x2007'0f4c    0x4  Data  Gb  kernel_functions.o [1]
TimerInt                0x2007'0bef   0x96  Code  Gb  timing_functions.o [1]
TimerList               0x2007'0f64    0x4  Data  Gb  kernel_functions.o [1]
UART_Handler            0x2007'0b8f    0x2  Code  Wk  exceptions.o [1]
UOTGHS_Handler          0x2007'0b8f    0x2  Code  Wk  exceptions.o [1]
USART0_Handler          0x2007'0b8f    0x2  Code  Wk  exceptions.o [1]
USART1_Handler          0x2007'0b8f    0x2  Code  Wk  exceptions.o [1]
USART2_Handler          0x2007'0b8f    0x2  Code  Wk  exceptions.o [1]
UsageFault_Handler      0x2007'0b8f    0x2  Code  Wk  exceptions.o [1]
WDT_Handler             0x2007'0b8f    0x2  Code  Wk  exceptions.o [1]
WaitingList             0x2007'0f60    0x4  Data  Gb  kernel_functions.o [1]
__aeabi_memcpy          0x2007'0785         Code  Gb  ABImemcpy.o [3]
__aeabi_memcpy4         0x2007'07a5         Code  Gb  ABImemcpy.o [3]
__aeabi_memcpy8         0x2007'07a5         Code  Gb  ABImemcpy.o [3]
__basic_calloc          0x2007'0583   0x36  Code  Gb  heap0.o [2]
__basic_free            0x2007'04f9   0x16  Code  Gb  heap0.o [2]
__basic_free_intern     0x2007'050f   0x74  Code  Lc  heap0.o [2]
__basic_malloc          0x2007'044d   0x18  Code  Gb  heap0.o [2]
__basic_malloc_intern   0x2007'0465   0x94  Code  Lc  heap0.o [2]
__cmain                 0x2007'0ec1         Code  Gb  cmain.o [3]
__data_GetMemChunk      0x2007'0b51   0x2c  Code  Gb  xgetmemchunk.o [2]
__data_GetMemChunk::start
                        0x2007'0f6c    0x4  Data  Lc  xgetmemchunk.o [2]
__data_memzero          0x2007'0b7d   0x12  Code  Gb  xxmemxmemzero.o [2]
__exit                  0x2007'0f19   0x14  Code  Gb  exit.o [4]
__iar_copy_init3        0x2007'082b   0x2a  Code  Gb  copy_init3.o [3]
__iar_data_init3        0x2007'0ee1   0x28  Code  Gb  data_init.o [3]
__iar_program_start     0x2007'0eb5         Code  Gb  cstartup.o [1]
__low_level_init        0x2007'0e85   0x20  Code  Gb  startup_sam3x.o [1]
__region_NFC_RAM_end__ {Abs}
                        0x2010'0fff         Data  Gb  <internal module>
__region_NFC_RAM_start__ {Abs}
                        0x2010'0000         Data  Gb  <internal module>
__region_RAM0_end__ {Abs}
                        0x2000'ffff         Data  Gb  <internal module>
__region_RAM0_size__ {Abs}
                           0x1'0000         Data  Gb  <internal module>
__region_RAM0_start__ {Abs}
                        0x2000'0000         Data  Gb  <internal module>
__region_RAM1_end__ {Abs}
                        0x2008'7fff         Data  Gb  <internal module>
__region_RAM1_size__ {Abs}
                             0x8000         Data  Gb  <internal module>
__region_RAM1_start__ {Abs}
                        0x2008'0000         Data  Gb  <internal module>
__region_RAM_end__ {Abs}
                        0x2008'7fff         Data  Gb  <internal module>
__region_RAM_size__ {Abs}
                           0x1'8000         Data  Gb  <internal module>
__region_RAM_start__ {Abs}
                        0x2007'0000         Data  Gb  <internal module>
__vector_table          0x2007'0000   0xf4  Data  Gb  startup_sam3x.o [1]
_call_main              0x2007'0ecd         Code  Gb  cmain.o [3]
_exit                   0x2007'0f0d         Code  Gb  cexit.o [3]
createNode              0x2007'0aa5   0x26  Code  Gb  kernel_functions.o [1]
create_mailbox          0x2007'00f5   0x2c  Code  Gb  mailbox.o [1]
create_task             0x2007'08db   0x98  Code  Gb  kernel_functions.o [1]
exit                    0x2007'0f09    0x4  Code  Gb  exit.o [2]
extract_head            0x2007'09c3   0x34  Code  Gb  kernel_functions.o [1]
free                    0x2007'0b4d    0x4  Code  Gb  heaptramp0.o [2]
g0                      0x2007'0f68    0x4  Data  Gb  main.o [1]
idle                    0x2007'0855    0x2  Code  Lc  kernel_functions.o [1]
init_kernel             0x2007'0857   0x84  Code  Gb  kernel_functions.o [1]
insert_task             0x2007'09f7   0x8c  Code  Gb  kernel_functions.o [1]
isr_off                 0x2007'0767         Code  Gb  context_switching_functions_march_2019.o [1]
isr_on                  0x2007'075d         Code  Gb  context_switching_functions_march_2019.o [1]
main                    0x2007'0d91   0x2a  Code  Gb  main.o [1]
pop_msg                 0x2007'0361   0x42  Code  Gb  mailbox.o [1]
receive_wait            0x2007'0243  0x10a  Code  Gb  mailbox.o [1]
removeNode              0x2007'0acb   0x82  Code  Gb  kernel_functions.o [1]
remove_msg              0x2007'03a3   0x7e  Code  Gb  mailbox.o [1]
run                     0x2007'0973   0x20  Code  Gb  kernel_functions.o [1]
send_wait               0x2007'0121  0x122  Code  Gb  mailbox.o [1]
set_ticks               0x2007'0be3    0x6  Code  Gb  timing_functions.o [1]
switch_to_stack_of_next_task
                        0x2007'0749         Code  Gb  context_switching_functions_march_2019.o [1]
task_body_1             0x2007'0cf5   0x22  Code  Gb  main.o [1]
task_body_2             0x2007'0d17   0x22  Code  Gb  main.o [1]
terminate               0x2007'0993   0x30  Code  Gb  kernel_functions.o [1]
test_inter_process_communication
                        0x2007'0d39   0x58  Code  Gb  main.o [1]
ticks                   0x2007'0be9    0x6  Code  Gb  timing_functions.o [1]
wait                    0x2007'0b91   0x52  Code  Gb  timing_functions.o [1]


[1] = C:\Users\nicho\OneDrive\Documents\DST2\Debug\Obj
[2] = dl7M_tln.a
[3] = rt7M_tl.a
[4] = shb_l.a

   3'640 bytes of readonly  code memory
     312 bytes of readonly  data memory
  10'288 bytes of readwrite data memory

Errors: none
Warnings: none
